
 Ansys Mechanical Enterprise Academic Student      


 *------------------------------------------------------------------*
 |                                                                  |
 |   W E L C O M E   T O   T H E   A N S Y S (R)  P R O G R A M     |
 |                                                                  |
 *------------------------------------------------------------------*




 ***************************************************************
 *         ANSYS MAPDL 2025 R2          LEGAL NOTICES          *
 ***************************************************************
 *                                                             *
 * Copyright 1971-2025 Ansys, Inc.  All rights reserved.       *
 * Unauthorized use, distribution or duplication is            *
 * prohibited.                                                 *
 *                                                             *
 * Ansys is a registered trademark of Ansys, Inc. or its       *
 * subsidiaries in the United States or other countries.       *
 * See the Ansys, Inc. online documentation or the Ansys, Inc. *
 * documentation CD or online help for the complete Legal      *
 * Notice.                                                     *
 *                                                             *
 ***************************************************************
 *                                                             *
 * THIS ANSYS SOFTWARE PRODUCT AND PROGRAM DOCUMENTATION       *
 * INCLUDE TRADE SECRETS AND CONFIDENTIAL AND PROPRIETARY      *
 * PRODUCTS OF ANSYS, INC., ITS SUBSIDIARIES, OR LICENSORS.    *
 * The software products and documentation are furnished by    *
 * Ansys, Inc. or its subsidiaries under a software license    *
 * agreement that contains provisions concerning               *
 * non-disclosure, copying, length and nature of use,          *
 * compliance with exporting laws, warranties, disclaimers,    *
 * limitations of liability, and remedies, and other           *
 * provisions.  The software products and documentation may be *
 * used, disclosed, transferred, or copied only in accordance  *
 * with the terms and conditions of that software license      *
 * agreement.                                                  *
 *                                                             *
 * Ansys, Inc. is a UL registered                              *
 * ISO 9001:2015 company.                                      *
 *                                                             *
 ***************************************************************
 *                                                             *
 * This product is subject to U.S. laws governing export and   *
 * re-export.                                                  *
 *                                                             *
 * For U.S. Government users, except as specifically granted   *
 * by the Ansys, Inc. software license agreement, the use,     *
 * duplication, or disclosure by the United States Government  *
 * is subject to restrictions stated in the Ansys, Inc.        *
 * software license agreement and FAR 12.212 (for non-DOD      *
 * licenses).                                                  *
 *                                                             *
 ***************************************************************

 2025 R2 
     
 Point Releases and Patches installed:   
     
 Discovery 2025 R2   
 Core WB Files 2025 R2   
 optiSLang 2025 R2   
 CFX (includes CFD-Post) 2025 R2 
 Chemkin 2025 R2 
 EnSight 2025 R2 
 FENSAP-ICE 2025 R2  
 Fluent (includes CFD-Post) 2025 R2  
 Polyflow (includes CFD-Post) 2025 R2
 Forte (includes EnSight) 2025 R2
 Rocky 2025 R2   
 TurboGrid 2025 R2   
 ACIS Geometry Interface 2025 R2 
 AutoCAD Geometry Interface 2025 R2  
 Catia, Version 4 Geometry Interface 2025 R2 
 Catia, Version 5 Geometry Interface 2025 R2 
 Catia, Version 6 Geometry Interface 2025 R2 
 Creo Elements/Direct Modeling Geometry Interface 2025 R2
 Creo Parametric Geometry Interface 2025 R2  
 Inventor Geometry Interface 2025 R2 
 JTOpen Geometry Interface 2025 R2   
 NX Geometry Interface 2025 R2   
 Parasolid Geometry Interface  2025 R2   
 Solid Edge Geometry Interface 2025 R2   
 SOLIDWORKS Geometry Interface 2025 R2   
 Speos 2025 R2   
 SpaceClaim 2025 R2  
 Speos RPC 2025 R2   
 Zemax OpticStudio 2025 R2   
 Dynamic Reporting 2025 R2   
 Aqwa 2025 R2
 Autodyn 2025 R2 
 Material Calibration App 2025 R2
 Mechanical Products 2025 R2 
 Motion 2025 R2  
 Academic Student 2025 R2
 Ansys, Inc. License Manager 2025 R2 
 Electromagnetics Student 2025 R2


          *****  MAPDL COMMAND LINE ARGUMENTS  *****
  BATCH MODE REQUESTED (-b)    = NOLIST
  INPUT FILE COPY MODE (-c)    = COPY
  DISTRIBUTED MEMORY PARALLEL REQUESTED
       4 PARALLEL PROCESSES REQUESTED WITH SINGLE THREAD PER PROCESS
    TOTAL OF     4 CORES REQUESTED
  INPUT FILE NAME              = C:\Users\andre\Desktop\PBLE00\Projeto-Ansys\_ProjectScratch\Scr4EA8\dummy.dat
  OUTPUT FILE NAME             = C:\Users\andre\Desktop\PBLE00\Projeto-Ansys\_ProjectScratch\Scr4EA8\solve.out
  START-UP FILE MODE           = NOREAD
  STOP FILE MODE               = NOREAD

 RELEASE= 2025 R2              BUILD= 25.2      UP20250519   VERSION=WINDOWS x64 
 CURRENT JOBNAME=file0  19:57:09  NOV 28, 2025 CP=      0.062


 PARAMETER _DS_PROGRESS =     999.0000000    

 /INPUT FILE= ds.dat  LINE=       0



 *** NOTE ***                            CP =       0.219   TIME= 19:57:10
 The /CONFIG,NOELDB command is not valid in a distributed memory         
 parallel solution.  Command is ignored.                                 

 *GET  _WALLSTRT  FROM  ACTI  ITEM=TIME WALL  VALUE=  19.9527778    

 TITLE= 
 Projeto--Static Structural (C5)                                               

  ACT Extensions:
      LSDYNA, 2025.2
      5f463412-bd3e-484b-87e7-cbc0a665e474, wbex
 /COM,     ANSYSMotion, 2025.2
      20180725-3f81-49eb-9f31-41364844c769, wbex
  

 SET PARAMETER DIMENSIONS ON  _WB_PROJECTSCRATCH_DIR
  TYPE=STRI  DIMENSIONS=      248        1        1

 PARAMETER _WB_PROJECTSCRATCH_DIR(1) = C:\Users\andre\Desktop\PBLE00\Projeto-Ansys\_ProjectScratch\Scr4EA8\

 SET PARAMETER DIMENSIONS ON  _WB_SOLVERFILES_DIR
  TYPE=STRI  DIMENSIONS=      248        1        1

 PARAMETER _WB_SOLVERFILES_DIR(1) = C:\Users\andre\Desktop\PBLE00\Projeto-Ansys\Projeto_files\dp0\SYS-3\MECH\

 SET PARAMETER DIMENSIONS ON  _WB_USERFILES_DIR
  TYPE=STRI  DIMENSIONS=      248        1        1

 PARAMETER _WB_USERFILES_DIR(1) = C:\Users\andre\Desktop\PBLE00\Projeto-Ansys\Projeto_files\user_files\
 --- Data in consistent NMM units. See Solving Units in the help system for more

 MPA UNITS SPECIFIED FOR INTERNAL    
  LENGTH      = MILLIMETERS (mm)
  MASS        = TONNE (Mg)
  TIME        = SECONDS (sec)
  TEMPERATURE = CELSIUS (C)
  TOFFSET     = 273.0
  FORCE       = NEWTON (N)
  HEAT        = MILLIJOULES (mJ)

 INPUT  UNITS ARE ALSO SET TO MPA 

 *** MAPDL - ENGINEERING ANALYSIS SYSTEM  RELEASE 2025 R2          25.2     ***
 Ansys Mechanical Enterprise Academic Student      
 01055371  VERSION=WINDOWS x64   19:57:10  NOV 28, 2025 CP=      0.234

 Projeto--Static Structural (C5)                                               



          ***** MAPDL ANALYSIS DEFINITION (PREP7) *****
 *********** Send User Defined Coordinate System(s) ***********
 *********** Nodes for the whole assembly ***********
 *********** Elements for Body 1 'SYS-3\Solid1' ***********
 *********** Elements for Body 2 'SYS-3\Solid' ***********
 *********** Elements for Body 3 'SYS-3\Solid11' ***********
 *********** Set Reference Temperature ***********
 *********** Send Materials ***********
 *********** Create Contact "Contact Region" ***********
             Real Constant Set For Above Contact Is 5 & 4
 *********** Create Contact "Contact Region 2" ***********
             Real Constant Set For Above Contact Is 7 & 6
 *********** Create Contact "Contact Region 3" ***********
             Real Constant Set For Above Contact Is 9 & 8
 *********** Fixed Supports ***********
 *********** Define Force Using Surface Effect Elements ***********


 ***** ROUTINE COMPLETED *****  CP =         0.359


 --- Number of total nodes = 19428
 --- Number of contact elements = 2438
 --- Number of spring elements = 0
 --- Number of bearing elements = 0
 --- Number of solid elements = 8274
 --- Number of condensed parts = 0
 --- Number of total elements = 10712

 *GET  _WALLBSOL  FROM  ACTI  ITEM=TIME WALL  VALUE=  19.9527778    
 ****************************************************************************
 *************************    SOLUTION       ********************************
 ****************************************************************************

 *****  MAPDL SOLUTION ROUTINE  *****


 PERFORM A STATIC ANALYSIS
  THIS WILL BE A NEW ANALYSIS

 PARAMETER _THICKRATIO =     0.000000000    

 USE SPARSE MATRIX DIRECT SOLVER

 CONTACT INFORMATION PRINTOUT LEVEL       1

 CHECK INITIAL OPEN/CLOSED STATUS OF SELECTED CONTACT ELEMENTS
      AND LIST DETAILED CONTACT PAIR INFORMATION

 SPLIT CONTACT SURFACES AT SOLVE PHASE

    NUMBER OF SPLITTING TBD BY PROGRAM

 DO NOT COMBINE ELEMENT MATRIX FILES (.emat) AFTER DISTRIBUTED PARALLEL SOLUTION

 DO NOT COMBINE ELEMENT SAVE DATA FILES (.esav) AFTER DISTRIBUTED PARALLEL SOLUTION

 NLDIAG: Nonlinear diagnostics CONT option is set to ON. 
         Writing frequency : each ITERATION.

 DO NOT SAVE ANY RESTART FILES AT ALL
 ****************************************************
 ******************* SOLVE FOR LS 1 OF 1 ****************

 SELECT       FOR ITEM=TYPE COMPONENT=    
  IN RANGE        10 TO         10 STEP          1

        322  ELEMENTS (OF      10712  DEFINED) SELECTED BY  ESEL  COMMAND.

 SELECT      ALL NODES HAVING ANY ELEMENT IN ELEMENT SET.

        728 NODES (OF      19428  DEFINED) SELECTED FROM
      322 SELECTED ELEMENTS BY NSLE COMMAND.

 SPECIFIED SURFACE LOAD PRES FOR ALL SELECTED ELEMENTS  LKEY =  1   KVAL = 1
     VALUES =    0.24120E-31    0.24120E-31    0.24120E-31    0.24120E-31

 SPECIFIED SURFACE LOAD PRES FOR ALL SELECTED ELEMENTS  LKEY =  2   KVAL = 1
     VALUES =    0.19695E-15    0.19695E-15    0.19695E-15    0.19695E-15

 SPECIFIED SURFACE LOAD PRES FOR ALL SELECTED ELEMENTS  LKEY =  3   KVAL = 1
     VALUES =   -0.29841       -0.29841       -0.29841       -0.29841    

 ALL SELECT   FOR ITEM=NODE COMPONENT=    
  IN RANGE         1 TO      85206 STEP          1

      19428  NODES (OF      19428  DEFINED) SELECTED BY NSEL  COMMAND.

 ALL SELECT   FOR ITEM=ELEM COMPONENT=    
  IN RANGE         1 TO      55075 STEP          1

      10712  ELEMENTS (OF      10712  DEFINED) SELECTED BY  ESEL  COMMAND.

 PRINTOUT RESUMED BY /GOP

 USE       1 SUBSTEPS INITIALLY THIS LOAD STEP FOR ALL  DEGREES OF FREEDOM
 FOR AUTOMATIC TIME STEPPING:
   USE      1 SUBSTEPS AS A MAXIMUM
   USE      1 SUBSTEPS AS A MINIMUM

 TIME=  1.0000    

 ERASE THE CURRENT DATABASE OUTPUT CONTROL TABLE.


 WRITE ALL  ITEMS TO THE DATABASE WITH A FREQUENCY OF NONE
   FOR ALL APPLICABLE ENTITIES

 WRITE NSOL ITEMS TO THE DATABASE WITH A FREQUENCY OF ALL 
   FOR ALL APPLICABLE ENTITIES

 WRITE RSOL ITEMS TO THE DATABASE WITH A FREQUENCY OF ALL 
   FOR ALL APPLICABLE ENTITIES

 WRITE EANG ITEMS TO THE DATABASE WITH A FREQUENCY OF ALL 
   FOR ALL APPLICABLE ENTITIES

 WRITE ETMP ITEMS TO THE DATABASE WITH A FREQUENCY OF ALL 
   FOR ALL APPLICABLE ENTITIES

 WRITE VENG ITEMS TO THE DATABASE WITH A FREQUENCY OF ALL 
   FOR ALL APPLICABLE ENTITIES

 WRITE STRS ITEMS TO THE DATABASE WITH A FREQUENCY OF ALL 
   FOR ALL APPLICABLE ENTITIES

 WRITE EPEL ITEMS TO THE DATABASE WITH A FREQUENCY OF ALL 
   FOR ALL APPLICABLE ENTITIES

 WRITE EPPL ITEMS TO THE DATABASE WITH A FREQUENCY OF ALL 
   FOR ALL APPLICABLE ENTITIES

 WRITE CONT ITEMS TO THE DATABASE WITH A FREQUENCY OF ALL 
   FOR ALL APPLICABLE ENTITIES

 *GET  ANSINTER_  FROM  ACTI  ITEM=INT        VALUE=  0.00000000    

 *IF  ANSINTER_  ( =   0.00000     )  NE  
      0  ( =   0.00000     )  THEN    

 *ENDIF

 *** NOTE ***                            CP =       0.438   TIME= 19:57:10
 The automatic domain decomposition logic has selected the MESH domain   
 decomposition method with 4 processes per solution.                     

 *****  MAPDL SOLVE    COMMAND  *****

 *** WARNING ***                         CP =       0.484   TIME= 19:57:10
 Element shape checking is currently inactive.  Issue SHPP,ON or         
 SHPP,WARN to reactivate, if desired.                                    

 *** NOTE ***                            CP =       0.500   TIME= 19:57:10
 The model data was checked and warning messages were found.             
  Please review output or errors file (                                  
 C:\Users\andre\Desktop\PBLE00\Projeto-Ansys\_ProjectScratch\Scr4EA8\fil 
 le0.err ) for these warning messages.                                   

 *** SELECTION OF ELEMENT TECHNOLOGIES FOR APPLICABLE ELEMENTS ***
      --- GIVE SUGGESTIONS AND RESET THE KEY OPTIONS ---

 ELEMENT TYPE         1 IS SOLID187. IT IS NOT ASSOCIATED WITH FULLY INCOMPRESSIBLE
 HYPERELASTIC MATERIALS. NO SUGGESTION IS AVAILABLE AND NO RESETTING IS NEEDED.

 ELEMENT TYPE         2 IS SOLID186. KEYOPT(2)=0 IS SUGGESTED AND HAS BEEN RESET.
  KEYOPT(1-12)=    0    0    0    0    0    0    0    0    0    0    0    0

 ELEMENT TYPE         3 IS SOLID187. IT IS NOT ASSOCIATED WITH FULLY INCOMPRESSIBLE
 HYPERELASTIC MATERIALS. NO SUGGESTION IS AVAILABLE AND NO RESETTING IS NEEDED.



 *** MAPDL - ENGINEERING ANALYSIS SYSTEM  RELEASE 2025 R2          25.2     ***
 Ansys Mechanical Enterprise Academic Student      
 01055371  VERSION=WINDOWS x64   19:57:10  NOV 28, 2025 CP=      0.500

 Projeto--Static Structural (C5)                                               



                       S O L U T I O N   O P T I O N S

   PROBLEM DIMENSIONALITY. . . . . . . . . . . . .3-D                  
   DEGREES OF FREEDOM. . . . . . UX   UY   UZ  
   ANALYSIS TYPE . . . . . . . . . . . . . . . . .STATIC (STEADY-STATE)
   OFFSET TEMPERATURE FROM ABSOLUTE ZERO . . . . .  273.15    
   EQUATION SOLVER OPTION. . . . . . . . . . . . .SPARSE             
   GLOBALLY ASSEMBLED MATRIX . . . . . . . . . . .SYMMETRIC  

 *** WARNING ***                         CP =       0.516   TIME= 19:57:10
 Material number 10 (used by element 54754) should normally have at      
 least one MP or one TB type command associated with it.  Output of      
 energy by material may not be available.                                

 *** NOTE ***                            CP =       0.516   TIME= 19:57:10
 The step data was checked and warning messages were found.              
  Please review output or errors file (                                  
 C:\Users\andre\Desktop\PBLE00\Projeto-Ansys\_ProjectScratch\Scr4EA8\fil 
 le0.err ) for these warning messages.                                   

 *** NOTE ***                            CP =       0.516   TIME= 19:57:10
 The conditions for direct assembly have been met.  No .emat or .erot    
 files will be produced.                                                 

 TRIM CONTACT/TARGET SURFACE
 *WARNING*: Some MPC/Lagrange based elements (e.g.52783) in real         
 constant set 4 overlap with other MPC/Lagrange based elements           
 (e.g.53285) in real constant set 6 which can cause overconstraint.      

 *** WARNING ***                         CP =       0.656   TIME= 19:57:10
 Overconstraint may occur for Lagrange multiplier or MPC based contact   
 algorithm.                                                              

 *** WARNING ***                         CP =       0.656   TIME= 19:57:10
 Certain contact elements (for example 54035 & 52943) overlap with       
 other.                                                                  
 START TRIMMING SMALL/BONDED CONTACT PAIRS FOR DMP RUN.                  

     611 CONTACT ELEMENTS &     447 TARGET ELEMENTS ARE DELETED DUE TO TRIMMING LOGIC.
       3 CONTACT PAIRS ARE REMOVED. 

 CHECK INITIAL OPEN/CLOSED STATUS OF SELECTED CONTACT ELEMENTS
      AND LIST DETAILED CONTACT PAIR INFORMATION
 *WARNING*: Some MPC/Lagrange based elements (e.g.52928) in real         
 constant set 5 overlap with other MPC/Lagrange based elements           
 (e.g.54023) in real constant set 8 which can cause overconstraint.      

 *** WARNING ***                         CP =       0.797   TIME= 19:57:10
 Overconstraint may occur for Lagrange multiplier or MPC based contact   
 algorithm.                                                              

 *** WARNING ***                         CP =       0.797   TIME= 19:57:10
 Certain contact elements (for example 54035 & 52943) overlap with       
 other.                                                                  
 
 SPLITTING CONTACT SURFACES WITH DISCONNECTED REGIONS FIRST
 

 CONTACT PAIR ASSOCIATED WITH REAL CONSTANT 6 SPLIT INTO 2 NEW PAIRS 
 ASSOCIATED WITH REAL CONSTANTS 11 - 11

 NEW TARGET ELEMENTS FROM 55076 TO 55185 WERE CREATED TO HANDLE
 THE SPLIT CONTACT PAIRS

 *** NOTE ***                            CP =       0.812   TIME= 19:57:10
 The maximum number of contact elements in any single contact pair is    
 234, which is smaller than the optimal domain size of 545 elements for  
 the given number of CPU domains (4).  Therefore, no contact pairs are   
 being split by the CNCH,DMP logic.                                      

 TRIM CONTACT/TARGET SURFACE
 *WARNING*: Some MPC/Lagrange based elements (e.g.52928) in real         
 constant set 5 overlap with other MPC/Lagrange based elements           
 (e.g.54023) in real constant set 8 which can cause overconstraint.      

 *** WARNING ***                         CP =       0.906   TIME= 19:57:10
 Overconstraint may occur for Lagrange multiplier or MPC based contact   
 algorithm.                                                              

 *** WARNING ***                         CP =       0.906   TIME= 19:57:10
 Certain contact elements (for example 54035 & 52943) overlap with       
 other.                                                                  

       0 CONTACT ELEMENTS &      95 TARGET ELEMENTS ARE DELETED DUE TO SPLITTING LOGIC.
 *WARNING*: Some MPC/Lagrange based elements (e.g.52928) in real         
 constant set 5 overlap with other MPC/Lagrange based elements           
 (e.g.54023) in real constant set 8 which can cause overconstraint.      

 *** NOTE ***                            CP =       0.969   TIME= 19:57:10
 Smoothing on certain target nodes (e.g.65844) for pair ID 5 may have    
 accuracy issue.  Please verify element normal of connected target       
 elements (e.g.52642 & 52685).                                           

 *** NOTE ***                            CP =       1.016   TIME= 19:57:10
 Deformable-deformable contact pair identified by real constant set 5    
 and contact element type 4 has been set up.                             
 Auto surface constraint is built
 MPC anywhere inside pinball may be built
 Contact algorithm: MPC based approach

 *** NOTE ***                            CP =       1.016   TIME= 19:57:10
 Contact related postprocess items (ETABLE, pressure ...) are not        
 available.                                                              
 Contact detection at: nodal point (normal to target surface)
 *WARNING*: Smoothing on certain contact/target nodes (for example       
 65844) may have an accuracy issue.  You may switch contact and target   
 surfaces, or split the current pair into multiple pairs, or use Gauss   
 detection.                                                              
 MPC will be built internally to handle bonded contact.
 *WARNING*: Certain contact elements (for example 52983&54023) overlap   
 each other.  Overconstraint may occur.                                  
 Average contact surface length                1.7042    
 Average contact pair depth                    2.8277    
 Average target surface length                 3.1230    
 Default pinball region factor PINB           0.25000    
 The resulting pinball region                 0.70693    
 Default target edge extension factor TOLS     2.0000    
 Initial penetration/gap is excluded.
 Bonded contact (always) is defined.

 *** NOTE ***                            CP =       1.016   TIME= 19:57:10
 Max.  Initial penetration 0.41698315 was detected between contact       
 element 52942 and target element 52773.                                 
 You may move entire target surface by : x= -0.294968745, y=             
 -0.294734357, z= -2.132885473E-04,to reduce initial penetration.        
 *WARNING*: The geometric gap/penetration may be too large.  Increase    
 pinball radius if it is a true geometric gap/penetration.  Decrease     
 pinball if it is a false one.                                           
 ****************************************
  

 *** NOTE ***                            CP =       1.016   TIME= 19:57:10
 Deformable-deformable contact pair identified by real constant set 6    
 and contact element type 6 has been set up.                             
 Auto surface constraint is built
 The current pair was split from a base pair (real ID 6).                
 Contact algorithm: MPC based approach

 *** NOTE ***                            CP =       1.016   TIME= 19:57:10
 Contact related postprocess items (ETABLE, pressure ...) are not        
 available.                                                              
 Contact detection at: nodal point (normal to target surface)
 MPC will be built internally to handle bonded contact.
 Average contact surface length                1.9521    
 Average contact pair depth                    2.5658    
 Average target surface length                 4.6314    
 Default pinball region factor PINB           0.25000    
 The resulting pinball region                 0.64144    
 Default target edge extension factor TOLS     2.0000    
 Initial penetration/gap is excluded.
 Bonded contact (always) is defined.

 *** NOTE ***                            CP =       1.016   TIME= 19:57:10
 Max.  Initial penetration 5.329070518E-15 was detected between contact  
 element 53230 and target element 53534.                                 
 ****************************************
  

 *** NOTE ***                            CP =       1.016   TIME= 19:57:10
 Deformable-deformable contact pair identified by real constant set 11   
 and contact element type 6 has been set up.                             
 Auto surface constraint is built
 The current pair was split from a base pair (real ID 6).                
 Contact algorithm: MPC based approach

 *** NOTE ***                            CP =       1.016   TIME= 19:57:10
 Contact related postprocess items (ETABLE, pressure ...) are not        
 available.                                                              
 Contact detection at: nodal point (normal to target surface)
 MPC will be built internally to handle bonded contact.
 Average contact surface length                1.9521    
 Average contact pair depth                    2.5658    
 Average target surface length                 3.9042    
 Default pinball region factor PINB           0.25000    
 The resulting pinball region                 0.64144    
 Default target edge extension factor TOLS     2.0000    
 Initial penetration/gap is excluded.
 Bonded contact (always) is defined.

 *** NOTE ***                            CP =       1.016   TIME= 19:57:10
 Max.  Initial penetration 5.329070518E-15 was detected between contact  
 element 53230 and target element 53534.                                 
 ****************************************
  

 *** NOTE ***                            CP =       1.016   TIME= 19:57:10
 Deformable-deformable contact pair identified by real constant set 8    
 and contact element type 8 has been set up.                             
 Auto surface constraint is built
 MPC anywhere inside pinball may be built
 Contact algorithm: MPC based approach

 *** NOTE ***                            CP =       1.016   TIME= 19:57:10
 Contact related postprocess items (ETABLE, pressure ...) are not        
 available.                                                              
 Contact detection at: nodal point (normal to target surface)
 MPC will be built internally to handle bonded contact.
 *WARNING*: Certain contact elements (for example 54035&52943) overlap   
 each other.  Overconstraint may occur.                                  
 Average contact surface length                2.6066    
 Average contact pair depth                    1.0002    
 Average target surface length                 3.3464    
 Default pinball region factor PINB           0.25000    
 The resulting pinball region                 0.25004    
 Default target edge extension factor TOLS     2.0000    
 Initial penetration/gap is excluded.
 Bonded contact (always) is defined.

 *** NOTE ***                            CP =       1.016   TIME= 19:57:10
 Max.  Initial penetration 6.439293543E-15 was detected between contact  
 element 53995 and target element 54659.                                 
 ****************************************
  

 *** WARNING ***                         CP =       1.016   TIME= 19:57:10
 Overconstraint may occur for Lagrange multiplier or MPC based contact   
 algorithm.                                                              
 The reasons for possible overconstraint are:                            

 *** WARNING ***                         CP =       1.016   TIME= 19:57:10
 Certain contact elements (for example 54035 & 52943) overlap with       
 other.                                                                  
 ****************************************
  
  

  
  
     D I S T R I B U T E D   D O M A I N   D E C O M P O S E R
  
  ...Number of elements: 9669
  ...Number of nodes:    19428
  ...Decompose to 4 CPU domains
  ...Element load balance ratio =     1.135


                      L O A D   S T E P   O P T I O N S

   LOAD STEP NUMBER. . . . . . . . . . . . . . . .     1
   TIME AT END OF THE LOAD STEP. . . . . . . . . .  1.0000    
   NUMBER OF SUBSTEPS. . . . . . . . . . . . . . .     1
   STEP CHANGE BOUNDARY CONDITIONS . . . . . . . .    NO
   PRINT OUTPUT CONTROLS . . . . . . . . . . . . .NO PRINTOUT
   DATABASE OUTPUT CONTROLS
      ITEM     FREQUENCY   COMPONENT
       ALL       NONE               
      NSOL        ALL               
      RSOL        ALL               
      EANG        ALL               
      ETMP        ALL               
      VENG        ALL               
      STRS        ALL               
      EPEL        ALL               
      EPPL        ALL               
      CONT        ALL               


 SOLUTION MONITORING INFO IS WRITTEN TO FILE= file.mntr                                                                                                                                                                                                                                                           



                         ***********  PRECISE MASS SUMMARY  ***********

   TOTAL RIGID BODY MASS MATRIX ABOUT ORIGIN
               Translational mass               |   Coupled translational/rotational mass
        0.21712E-04    0.0000        0.0000     |     0.0000       0.19043E-03   0.22009E-02
         0.0000       0.21712E-04    0.0000     |   -0.19043E-03    0.0000       0.28874E-02
         0.0000        0.0000       0.21712E-04 |   -0.22009E-02  -0.28874E-02    0.0000    
     ------------------------------------------ | ------------------------------------------
                                                |         Rotational mass (inertia)
                                                |    0.22929       0.29268      -0.25318E-01
                                                |    0.29268       0.39070       0.19298E-01
                                                |   -0.25318E-01   0.19298E-01   0.61411    

   TOTAL MASS = 0.21712E-04
     The mass principal axes coincide with the global Cartesian axes

   CENTER OF MASS (X,Y,Z)=    132.99       -101.37        8.7709    

   TOTAL INERTIA ABOUT CENTER OF MASS
        0.45186E-02  -0.10147E-04   0.64576E-05
       -0.10147E-04   0.50493E-02  -0.59343E-05
        0.64576E-05  -0.59343E-05   0.70363E-02

   PRINCIPAL INERTIAS =   0.45184E-02   0.50494E-02   0.70364E-02
   ORIENTATION VECTORS OF THE INERTIA PRINCIPAL AXES IN GLOBAL CARTESIAN
     ( 1.000, 0.019,-0.003) (-0.019, 1.000, 0.003) ( 0.003,-0.003, 1.000) 


  *** MASS SUMMARY BY ELEMENT TYPE ***

  TYPE      MASS
     1  0.692791E-05
     2  0.131530E-04
     3  0.163108E-05

 Range of element maximum matrix coefficients in global coordinates
 Maximum = 1887908.53 at element 16246.                                  
 Minimum = 534.6345 at element 41854.                                    

   *** ELEMENT MATRIX FORMULATION TIMES
     TYPE    NUMBER   ENAME      TOTAL CP  AVE CP

        1      6868  SOLID187      0.219   0.000032
        2       234  SOLID186      0.000   0.000000
        3      1172  SOLID187      0.031   0.000027
        4        56  CONTA174      0.000   0.000000
        5       145  TARGE170      0.000   0.000000
        6       157  CONTA174      0.016   0.000100
        7       125  TARGE170      0.000   0.000000
        8       234  CONTA174      0.031   0.000134
        9       356  TARGE170      0.000   0.000000
       10       322  SURF154       0.000   0.000000
 Time at end of element matrix formulation CP = 1.4375.                  

 DISTRIBUTED SPARSE MATRIX DIRECT SOLVER.
  Number of equations =       52923,    Maximum wavefront =    375


  Memory allocated on only this MPI rank (rank     0)
  -------------------------------------------------------------------
  Equation solver memory allocated                     =    39.744 MB
  Equation solver memory required for in-core mode     =    38.233 MB
  Equation solver memory required for out-of-core mode =    19.720 MB
  Total (solver and non-solver) memory allocated       =   568.768 MB


  Total memory summed across all MPI ranks on this machines
  -------------------------------------------------------------------
  Equation solver memory allocated                     =   231.616 MB
  Equation solver memory required for in-core mode     =   222.552 MB
  Equation solver memory required for out-of-core mode =   115.307 MB
  Total (solver and non-solver) memory allocated       =  1360.678 MB

 *** NOTE ***                            CP =       1.641   TIME= 19:57:11
 The Distributed Sparse Matrix Solver is currently running in the        
 in-core memory mode.  This memory mode uses the most amount of memory   
 in order to avoid using the hard drive as much as possible, which most  
 often results in the fastest solution time.  This mode is recommended   
 if enough physical memory is present to accommodate all of the solver   
 data.                                                                   
 curEqn=   4140  totEqn=   4140 Job CP sec=      1.828
      Factor Done= 100% Factor Wall sec=      0.154 rate=      13.3 GFlops
 Distributed sparse solver maximum pivot= 1769607.27 at node 81051 UZ.   
 Distributed sparse solver minimum pivot= 35.128503 at node 66366 UX.    
 Distributed sparse solver minimum pivot in absolute value= 35.128503 at 
 node 66366 UX.                                                          

   *** ELEMENT RESULT CALCULATION TIMES
     TYPE    NUMBER   ENAME      TOTAL CP  AVE CP

        1      6868  SOLID187      0.234   0.000034
        2       234  SOLID186      0.016   0.000067
        3      1172  SOLID187      0.031   0.000027
        4        56  CONTA174      0.000   0.000000
        6       157  CONTA174      0.000   0.000000
        8       234  CONTA174      0.016   0.000067
       10       322  SURF154       0.000   0.000000

   *** NODAL LOAD CALCULATION TIMES
     TYPE    NUMBER   ENAME      TOTAL CP  AVE CP

        1      6868  SOLID187      0.031   0.000005
        2       234  SOLID186      0.000   0.000000
        3      1172  SOLID187      0.000   0.000000
        4        56  CONTA174      0.000   0.000000
        6       157  CONTA174      0.000   0.000000
        8       234  CONTA174      0.000   0.000000
       10       322  SURF154       0.000   0.000000
 *** LOAD STEP     1   SUBSTEP     1  COMPLETED.    CUM ITER =      1
 *** TIME =   1.00000         TIME INC =   1.00000      NEW TRIANG MATRIX


 *** MAPDL BINARY FILE STATISTICS
  BUFFER SIZE USED= 16384
        0.812 MB WRITTEN ON ELEMENT SAVED DATA FILE: file0.esav
        6.562 MB WRITTEN ON ASSEMBLED MATRIX FILE: file0.full
        1.812 MB WRITTEN ON RESULTS FILE: file0.rst
 *************** Write FE CONNECTORS *********

 WRITE OUT CONSTRAINT EQUATIONS TO FILE= file.ce                                                                                                                                                                                                                                                             
 ****************************************************
 *************** FINISHED SOLVE FOR LS 1 *************

 *GET  _WALLASOL  FROM  ACTI  ITEM=TIME WALL  VALUE=  19.9533333    

 PRINTOUT RESUMED BY /GOP

 FINISH SOLUTION PROCESSING


 ***** ROUTINE COMPLETED *****  CP =         2.125



 *** MAPDL - ENGINEERING ANALYSIS SYSTEM  RELEASE 2025 R2          25.2     ***
 Ansys Mechanical Enterprise Academic Student      
 01055371  VERSION=WINDOWS x64   19:57:12  NOV 28, 2025 CP=      2.141

 Projeto--Static Structural (C5)                                               



          ***** MAPDL RESULTS INTERPRETATION (POST1) *****

 *** NOTE ***                            CP =       2.141   TIME= 19:57:12
 Reading results into the database (SET command) will update the current 
 displacement and force boundary conditions in the database with the     
 values from the results file for that load set.  Note that any          
 subsequent solutions will use these values unless action is taken to    
 either SAVE the current values or not overwrite them (/EXIT,NOSAVE).    

 Set Encoding of XML File to:ISO-8859-1

 Set Output of XML File to:
     PARM,     ,     ,     ,     ,     ,     ,     ,     ,     ,     ,     ,
         ,     ,     ,     ,     ,     ,     ,

 DATABASE WRITTEN ON FILE  parm.xml                                                                                                                                                                                                                                                            

 EXIT THE MAPDL POST1 DATABASE PROCESSOR


 ***** ROUTINE COMPLETED *****  CP =         2.141



 PRINTOUT RESUMED BY /GOP

 *GET  _WALLDONE  FROM  ACTI  ITEM=TIME WALL  VALUE=  19.9533333    

 PARAMETER _PREPTIME =     0.000000000    

 PARAMETER _SOLVTIME =     2.000000000    

 PARAMETER _POSTTIME =     0.000000000    

 PARAMETER _TOTALTIM =     2.000000000    

 *GET  _DLBRATIO  FROM  ACTI  ITEM=SOLU DLBR  VALUE=  1.13532513    

 *GET  _COMBTIME  FROM  ACTI  ITEM=SOLU COMB  VALUE= 0.269434000E-01

 *GET  _SSMODE   FROM  ACTI  ITEM=SOLU SSMM  VALUE=  2.00000000    

 *GET  _NDOFS    FROM  ACTI  ITEM=SOLU NDOF  VALUE=  52923.0000    

 *GET  _SOL_END_TIME  FROM  ACTI  ITEM=SET  TIME  VALUE=  1.00000000    

 *IF  _sol_end_time  ( =   1.00000     )  EQ  
      1.000000  ( =   1.00000     )  THEN    

 /FCLEAN COMMAND REMOVING ALL LOCAL FILES

 *ENDIF
 --- Total number of nodes = 19428
 --- Total number of elements = 9669
 --- Element load balance ratio = 1.13532513
 --- Time to combine distributed files = 2.69434E-02
 --- Sparse memory mode = 2
 --- Number of DOF = 52923

 EXIT MAPDL WITHOUT SAVING DATABASE


 NUMBER OF WARNING MESSAGES ENCOUNTERED=         10
 NUMBER OF ERROR   MESSAGES ENCOUNTERED=          0

+--------------------- M A P D L   S T A T I S T I C S ------------------------+

Release: 2025 R2            Build: 25.2       Update: UP20250519   Platform: WINDOWS x64 
Date Run: 11/28/2025   Time: 19:57     Process ID: 23052
Operating System: Windows 11  (Build: 26200)

Processor Model: 13th Gen Intel(R) Core(TM) i5-13450HX

Compiler: Intel(R) Fortran Compiler Classic Version 2021.9  (Build: 20230302)
          Intel(R) C/C++ Compiler Classic Version 2021.9  (Build: 20230302)
          Intel(R) oneAPI Math Kernel Library Version 2024.2.3-Product Build 20250403

Number of machines requested            :    1
Total number of cores available         :   16
Number of physical cores available      :   10
Number of processes requested           :    4
Number of threads per process requested :    1
Total number of cores requested         :    4 (Distributed Memory Parallel)               
MPI Type: INTELMPI
MPI Version: Intel(R) MPI Library 2021.14 for Windows* OS


GPU Acceleration: Not Requested

Job Name: file0
Input File: dummy.dat

  Core                Machine Name   Working Directory
 -----------------------------------------------------
     0                      Andrey   C:\Users\andre\Desktop\PBLE00\Projeto-Ansys\_ProjectScratch\Scr4EA8
     1                      Andrey   C:\Users\andre\Desktop\PBLE00\Projeto-Ansys\_ProjectScratch\Scr4EA8
     2                      Andrey   C:\Users\andre\Desktop\PBLE00\Projeto-Ansys\_ProjectScratch\Scr4EA8
     3                      Andrey   C:\Users\andre\Desktop\PBLE00\Projeto-Ansys\_ProjectScratch\Scr4EA8
 
Latency time from master to core     1 =    1.706 microseconds
Latency time from master to core     2 =    1.666 microseconds
Latency time from master to core     3 =    2.721 microseconds
 
Communication speed from master to core     1 = 12008.77 MB/sec
Communication speed from master to core     2 = 10047.10 MB/sec
Communication speed from master to core     3 =  6614.85 MB/sec

Total CPU time for main thread                    :        2.3 seconds
Total CPU time summed for all threads             :        2.2 seconds

Elapsed time spent obtaining a license            :        0.4 seconds
Elapsed time spent pre-processing model (/PREP7)  :        0.1 seconds
Elapsed time spent solution - preprocessing       :        0.6 seconds
Elapsed time spent computing solution             :        0.9 seconds
Elapsed time spent solution - postprocessing      :        0.0 seconds
Elapsed time spent post-processing model (/POST1) :        0.0 seconds
 
Equation solver used                              :            Sparse (symmetric)
Equation solver computational rate                :       44.1 Gflops

Sum of disk space used on all processes           :       58.4 MB

Sum of memory used on all processes               :      386.0 MB
Sum of memory allocated on all processes          :     2976.0 MB
Physical memory available                         :         16 GB
Total amount of I/O written to disk               :        0.0 GB
Total amount of I/O read from disk                :        0.0 GB

+------------------ E N D   M A P D L   S T A T I S T I C S -------------------+


 *-----------------------------------------------------------------------------*
 |                                                                             |
 |                               RUN COMPLETED                                 |
 |                                                                             |
 |-----------------------------------------------------------------------------|
 |                                                                             |
 |  Ansys MAPDL 2025 R2         Build 25.2         UP20250519    WINDOWS x64   |
 |                                                                             |
 |-----------------------------------------------------------------------------|
 |                                                                             |
 |  Database Requested(-db)     1024 MB     Scratch Memory Requested   1024 MB |
 |  Max Database Used(Master)     19 MB     Max Scratch Used(Master)     76 MB |
 |  Max Database Used(Workers)     1 MB     Max Scratch Used(Workers)   105 MB |
 |  Sum Database Used(All)        22 MB     Sum Scratch Used(All)       364 MB |
 |                                                                             |
 |-----------------------------------------------------------------------------|
 |                                                                             |
 |        CP Time      (sec) =          2.234       Time  =  19:57:26          |
 |        Elapsed Time (sec) =         18.000       Date  =  11/28/2025        |
 |                                                                             |
 *-----------------------------------------------------------------------------*
